Archive member included to satisfy reference by file (symbol)

/Applications/Ac6/SystemWorkbench.app/Contents/Eclipse/plugins/fr.ac6.mcu.externaltools.arm-none.macos64_1.17.0.201812190825/tools/compiler/bin/../lib/gcc/arm-none-eabi/7.3.1/../../../../arm-none-eabi/lib/thumb/v7e-m/fpv4-sp/hard/libc.a(lib_a-errno.o)
                              startup/sysmem.o (__errno)
/Applications/Ac6/SystemWorkbench.app/Contents/Eclipse/plugins/fr.ac6.mcu.externaltools.arm-none.macos64_1.17.0.201812190825/tools/compiler/bin/../lib/gcc/arm-none-eabi/7.3.1/../../../../arm-none-eabi/lib/thumb/v7e-m/fpv4-sp/hard/libc.a(lib_a-exit.o)
                              /Applications/Ac6/SystemWorkbench.app/Contents/Eclipse/plugins/fr.ac6.mcu.externaltools.arm-none.macos64_1.17.0.201812190825/tools/compiler/bin/../lib/gcc/arm-none-eabi/7.3.1/../../../../arm-none-eabi/lib/thumb/v7e-m/fpv4-sp/hard/crt0.o (exit)
/Applications/Ac6/SystemWorkbench.app/Contents/Eclipse/plugins/fr.ac6.mcu.externaltools.arm-none.macos64_1.17.0.201812190825/tools/compiler/bin/../lib/gcc/arm-none-eabi/7.3.1/../../../../arm-none-eabi/lib/thumb/v7e-m/fpv4-sp/hard/libc.a(lib_a-impure.o)
                              /Applications/Ac6/SystemWorkbench.app/Contents/Eclipse/plugins/fr.ac6.mcu.externaltools.arm-none.macos64_1.17.0.201812190825/tools/compiler/bin/../lib/gcc/arm-none-eabi/7.3.1/../../../../arm-none-eabi/lib/thumb/v7e-m/fpv4-sp/hard/libc.a(lib_a-exit.o) (_global_impure_ptr)
/Applications/Ac6/SystemWorkbench.app/Contents/Eclipse/plugins/fr.ac6.mcu.externaltools.arm-none.macos64_1.17.0.201812190825/tools/compiler/bin/../lib/gcc/arm-none-eabi/7.3.1/../../../../arm-none-eabi/lib/thumb/v7e-m/fpv4-sp/hard/libc.a(lib_a-init.o)
                              /Applications/Ac6/SystemWorkbench.app/Contents/Eclipse/plugins/fr.ac6.mcu.externaltools.arm-none.macos64_1.17.0.201812190825/tools/compiler/bin/../lib/gcc/arm-none-eabi/7.3.1/../../../../arm-none-eabi/lib/thumb/v7e-m/fpv4-sp/hard/crt0.o (__libc_init_array)
/Applications/Ac6/SystemWorkbench.app/Contents/Eclipse/plugins/fr.ac6.mcu.externaltools.arm-none.macos64_1.17.0.201812190825/tools/compiler/bin/../lib/gcc/arm-none-eabi/7.3.1/../../../../arm-none-eabi/lib/thumb/v7e-m/fpv4-sp/hard/libc.a(lib_a-memset.o)
                              /Applications/Ac6/SystemWorkbench.app/Contents/Eclipse/plugins/fr.ac6.mcu.externaltools.arm-none.macos64_1.17.0.201812190825/tools/compiler/bin/../lib/gcc/arm-none-eabi/7.3.1/../../../../arm-none-eabi/lib/thumb/v7e-m/fpv4-sp/hard/crt0.o (memset)
/Applications/Ac6/SystemWorkbench.app/Contents/Eclipse/plugins/fr.ac6.mcu.externaltools.arm-none.macos64_1.17.0.201812190825/tools/compiler/bin/../lib/gcc/arm-none-eabi/7.3.1/../../../../arm-none-eabi/lib/thumb/v7e-m/fpv4-sp/hard/libc.a(lib_a-__call_atexit.o)
                              /Applications/Ac6/SystemWorkbench.app/Contents/Eclipse/plugins/fr.ac6.mcu.externaltools.arm-none.macos64_1.17.0.201812190825/tools/compiler/bin/../lib/gcc/arm-none-eabi/7.3.1/../../../../arm-none-eabi/lib/thumb/v7e-m/fpv4-sp/hard/libc.a(lib_a-exit.o) (__call_exitprocs)
/Applications/Ac6/SystemWorkbench.app/Contents/Eclipse/plugins/fr.ac6.mcu.externaltools.arm-none.macos64_1.17.0.201812190825/tools/compiler/bin/../lib/gcc/arm-none-eabi/7.3.1/../../../../arm-none-eabi/lib/thumb/v7e-m/fpv4-sp/hard/libc.a(lib_a-atexit.o)
                              /Applications/Ac6/SystemWorkbench.app/Contents/Eclipse/plugins/fr.ac6.mcu.externaltools.arm-none.macos64_1.17.0.201812190825/tools/compiler/bin/../lib/gcc/arm-none-eabi/7.3.1/../../../../arm-none-eabi/lib/thumb/v7e-m/fpv4-sp/hard/libc.a(lib_a-__call_atexit.o) (atexit)
/Applications/Ac6/SystemWorkbench.app/Contents/Eclipse/plugins/fr.ac6.mcu.externaltools.arm-none.macos64_1.17.0.201812190825/tools/compiler/bin/../lib/gcc/arm-none-eabi/7.3.1/../../../../arm-none-eabi/lib/thumb/v7e-m/fpv4-sp/hard/libc.a(lib_a-fini.o)
                              /Applications/Ac6/SystemWorkbench.app/Contents/Eclipse/plugins/fr.ac6.mcu.externaltools.arm-none.macos64_1.17.0.201812190825/tools/compiler/bin/../lib/gcc/arm-none-eabi/7.3.1/../../../../arm-none-eabi/lib/thumb/v7e-m/fpv4-sp/hard/libc.a(lib_a-__call_atexit.o) (__libc_fini_array)
/Applications/Ac6/SystemWorkbench.app/Contents/Eclipse/plugins/fr.ac6.mcu.externaltools.arm-none.macos64_1.17.0.201812190825/tools/compiler/bin/../lib/gcc/arm-none-eabi/7.3.1/../../../../arm-none-eabi/lib/thumb/v7e-m/fpv4-sp/hard/libc.a(lib_a-lock.o)
                              /Applications/Ac6/SystemWorkbench.app/Contents/Eclipse/plugins/fr.ac6.mcu.externaltools.arm-none.macos64_1.17.0.201812190825/tools/compiler/bin/../lib/gcc/arm-none-eabi/7.3.1/../../../../arm-none-eabi/lib/thumb/v7e-m/fpv4-sp/hard/libc.a(lib_a-__call_atexit.o) (__retarget_lock_acquire_recursive)
/Applications/Ac6/SystemWorkbench.app/Contents/Eclipse/plugins/fr.ac6.mcu.externaltools.arm-none.macos64_1.17.0.201812190825/tools/compiler/bin/../lib/gcc/arm-none-eabi/7.3.1/../../../../arm-none-eabi/lib/thumb/v7e-m/fpv4-sp/hard/libc.a(lib_a-__atexit.o)
                              /Applications/Ac6/SystemWorkbench.app/Contents/Eclipse/plugins/fr.ac6.mcu.externaltools.arm-none.macos64_1.17.0.201812190825/tools/compiler/bin/../lib/gcc/arm-none-eabi/7.3.1/../../../../arm-none-eabi/lib/thumb/v7e-m/fpv4-sp/hard/libc.a(lib_a-atexit.o) (__register_exitproc)

Allocating common symbols
Common symbol       size              file

__lock___atexit_recursive_mutex
                    0x1               /Applications/Ac6/SystemWorkbench.app/Contents/Eclipse/plugins/fr.ac6.mcu.externaltools.arm-none.macos64_1.17.0.201812190825/tools/compiler/bin/../lib/gcc/arm-none-eabi/7.3.1/../../../../arm-none-eabi/lib/thumb/v7e-m/fpv4-sp/hard/libc.a(lib_a-lock.o)
__lock___arc4random_mutex
                    0x1               /Applications/Ac6/SystemWorkbench.app/Contents/Eclipse/plugins/fr.ac6.mcu.externaltools.arm-none.macos64_1.17.0.201812190825/tools/compiler/bin/../lib/gcc/arm-none-eabi/7.3.1/../../../../arm-none-eabi/lib/thumb/v7e-m/fpv4-sp/hard/libc.a(lib_a-lock.o)
__lock___env_recursive_mutex
                    0x1               /Applications/Ac6/SystemWorkbench.app/Contents/Eclipse/plugins/fr.ac6.mcu.externaltools.arm-none.macos64_1.17.0.201812190825/tools/compiler/bin/../lib/gcc/arm-none-eabi/7.3.1/../../../../arm-none-eabi/lib/thumb/v7e-m/fpv4-sp/hard/libc.a(lib_a-lock.o)
__lock___sinit_recursive_mutex
                    0x1               /Applications/Ac6/SystemWorkbench.app/Contents/Eclipse/plugins/fr.ac6.mcu.externaltools.arm-none.macos64_1.17.0.201812190825/tools/compiler/bin/../lib/gcc/arm-none-eabi/7.3.1/../../../../arm-none-eabi/lib/thumb/v7e-m/fpv4-sp/hard/libc.a(lib_a-lock.o)
__lock___malloc_recursive_mutex
                    0x1               /Applications/Ac6/SystemWorkbench.app/Contents/Eclipse/plugins/fr.ac6.mcu.externaltools.arm-none.macos64_1.17.0.201812190825/tools/compiler/bin/../lib/gcc/arm-none-eabi/7.3.1/../../../../arm-none-eabi/lib/thumb/v7e-m/fpv4-sp/hard/libc.a(lib_a-lock.o)
__lock___at_quick_exit_mutex
                    0x1               /Applications/Ac6/SystemWorkbench.app/Contents/Eclipse/plugins/fr.ac6.mcu.externaltools.arm-none.macos64_1.17.0.201812190825/tools/compiler/bin/../lib/gcc/arm-none-eabi/7.3.1/../../../../arm-none-eabi/lib/thumb/v7e-m/fpv4-sp/hard/libc.a(lib_a-lock.o)
__lock___dd_hash_mutex
                    0x1               /Applications/Ac6/SystemWorkbench.app/Contents/Eclipse/plugins/fr.ac6.mcu.externaltools.arm-none.macos64_1.17.0.201812190825/tools/compiler/bin/../lib/gcc/arm-none-eabi/7.3.1/../../../../arm-none-eabi/lib/thumb/v7e-m/fpv4-sp/hard/libc.a(lib_a-lock.o)
__lock___tz_mutex   0x1               /Applications/Ac6/SystemWorkbench.app/Contents/Eclipse/plugins/fr.ac6.mcu.externaltools.arm-none.macos64_1.17.0.201812190825/tools/compiler/bin/../lib/gcc/arm-none-eabi/7.3.1/../../../../arm-none-eabi/lib/thumb/v7e-m/fpv4-sp/hard/libc.a(lib_a-lock.o)
__lock___sfp_recursive_mutex
                    0x1               /Applications/Ac6/SystemWorkbench.app/Contents/Eclipse/plugins/fr.ac6.mcu.externaltools.arm-none.macos64_1.17.0.201812190825/tools/compiler/bin/../lib/gcc/arm-none-eabi/7.3.1/../../../../arm-none-eabi/lib/thumb/v7e-m/fpv4-sp/hard/libc.a(lib_a-lock.o)

Discarded input sections

 .text          0x0000000000000000        0x0 /Applications/Ac6/SystemWorkbench.app/Contents/Eclipse/plugins/fr.ac6.mcu.externaltools.arm-none.macos64_1.17.0.201812190825/tools/compiler/bin/../lib/gcc/arm-none-eabi/7.3.1/thumb/v7e-m/fpv4-sp/hard/crti.o
 .data          0x0000000000000000        0x0 /Applications/Ac6/SystemWorkbench.app/Contents/Eclipse/plugins/fr.ac6.mcu.externaltools.arm-none.macos64_1.17.0.201812190825/tools/compiler/bin/../lib/gcc/arm-none-eabi/7.3.1/thumb/v7e-m/fpv4-sp/hard/crti.o
 .bss           0x0000000000000000        0x0 /Applications/Ac6/SystemWorkbench.app/Contents/Eclipse/plugins/fr.ac6.mcu.externaltools.arm-none.macos64_1.17.0.201812190825/tools/compiler/bin/../lib/gcc/arm-none-eabi/7.3.1/thumb/v7e-m/fpv4-sp/hard/crti.o
 .data          0x0000000000000000        0x4 /Applications/Ac6/SystemWorkbench.app/Contents/Eclipse/plugins/fr.ac6.mcu.externaltools.arm-none.macos64_1.17.0.201812190825/tools/compiler/bin/../lib/gcc/arm-none-eabi/7.3.1/thumb/v7e-m/fpv4-sp/hard/crtbegin.o
 .text          0x0000000000000000       0x74 /Applications/Ac6/SystemWorkbench.app/Contents/Eclipse/plugins/fr.ac6.mcu.externaltools.arm-none.macos64_1.17.0.201812190825/tools/compiler/bin/../lib/gcc/arm-none-eabi/7.3.1/../../../../arm-none-eabi/lib/thumb/v7e-m/fpv4-sp/hard/crt0.o
 .data          0x0000000000000000        0x0 /Applications/Ac6/SystemWorkbench.app/Contents/Eclipse/plugins/fr.ac6.mcu.externaltools.arm-none.macos64_1.17.0.201812190825/tools/compiler/bin/../lib/gcc/arm-none-eabi/7.3.1/../../../../arm-none-eabi/lib/thumb/v7e-m/fpv4-sp/hard/crt0.o
 .bss           0x0000000000000000        0x0 /Applications/Ac6/SystemWorkbench.app/Contents/Eclipse/plugins/fr.ac6.mcu.externaltools.arm-none.macos64_1.17.0.201812190825/tools/compiler/bin/../lib/gcc/arm-none-eabi/7.3.1/../../../../arm-none-eabi/lib/thumb/v7e-m/fpv4-sp/hard/crt0.o
 .ARM.extab     0x0000000000000000        0x0 /Applications/Ac6/SystemWorkbench.app/Contents/Eclipse/plugins/fr.ac6.mcu.externaltools.arm-none.macos64_1.17.0.201812190825/tools/compiler/bin/../lib/gcc/arm-none-eabi/7.3.1/../../../../arm-none-eabi/lib/thumb/v7e-m/fpv4-sp/hard/crt0.o
 .ARM.exidx     0x0000000000000000        0x8 /Applications/Ac6/SystemWorkbench.app/Contents/Eclipse/plugins/fr.ac6.mcu.externaltools.arm-none.macos64_1.17.0.201812190825/tools/compiler/bin/../lib/gcc/arm-none-eabi/7.3.1/../../../../arm-none-eabi/lib/thumb/v7e-m/fpv4-sp/hard/crt0.o
 .ARM.attributes
                0x0000000000000000       0x20 /Applications/Ac6/SystemWorkbench.app/Contents/Eclipse/plugins/fr.ac6.mcu.externaltools.arm-none.macos64_1.17.0.201812190825/tools/compiler/bin/../lib/gcc/arm-none-eabi/7.3.1/../../../../arm-none-eabi/lib/thumb/v7e-m/fpv4-sp/hard/crt0.o
 .bss           0x0000000000000000        0x0 src/main.o
 .text          0x0000000000000000       0x14 startup/startup_stm32.o
 .data          0x0000000000000000        0x0 startup/startup_stm32.o
 .bss           0x0000000000000000        0x0 startup/startup_stm32.o
 .group         0x0000000000000000        0xc startup/sysmem.o
 .group         0x0000000000000000        0xc startup/sysmem.o
 .group         0x0000000000000000        0xc startup/sysmem.o
 .group         0x0000000000000000        0xc startup/sysmem.o
 .group         0x0000000000000000        0xc startup/sysmem.o
 .group         0x0000000000000000        0xc startup/sysmem.o
 .group         0x0000000000000000        0xc startup/sysmem.o
 .group         0x0000000000000000        0xc startup/sysmem.o
 .group         0x0000000000000000        0xc startup/sysmem.o
 .group         0x0000000000000000        0xc startup/sysmem.o
 .group         0x0000000000000000        0xc startup/sysmem.o
 .group         0x0000000000000000        0xc startup/sysmem.o
 .group         0x0000000000000000        0xc startup/sysmem.o
 .group         0x0000000000000000        0xc startup/sysmem.o
 .group         0x0000000000000000        0xc startup/sysmem.o
 .group         0x0000000000000000        0xc startup/sysmem.o
 .group         0x0000000000000000        0xc startup/sysmem.o
 .group         0x0000000000000000        0xc startup/sysmem.o
 .group         0x0000000000000000        0xc startup/sysmem.o
 .group         0x0000000000000000        0xc startup/sysmem.o
 .group         0x0000000000000000        0xc startup/sysmem.o
 .group         0x0000000000000000        0xc startup/sysmem.o
 .group         0x0000000000000000        0xc startup/sysmem.o
 .group         0x0000000000000000        0xc startup/sysmem.o
 .group         0x0000000000000000        0xc startup/sysmem.o
 .group         0x0000000000000000        0xc startup/sysmem.o
 .group         0x0000000000000000        0xc startup/sysmem.o
 .group         0x0000000000000000        0xc startup/sysmem.o
 .group         0x0000000000000000        0xc startup/sysmem.o
 .group         0x0000000000000000        0xc startup/sysmem.o
 .group         0x0000000000000000        0xc startup/sysmem.o
 .group         0x0000000000000000        0xc startup/sysmem.o
 .text          0x0000000000000000        0x0 startup/sysmem.o
 .data          0x0000000000000000        0x0 startup/sysmem.o
 .bss           0x0000000000000000        0x4 startup/sysmem.o
 .text._sbrk    0x0000000000000000       0x58 startup/sysmem.o
 .debug_info    0x0000000000000000      0x92c startup/sysmem.o
 .debug_abbrev  0x0000000000000000      0x1f1 startup/sysmem.o
 .debug_aranges
                0x0000000000000000       0x20 startup/sysmem.o
 .debug_ranges  0x0000000000000000       0x10 startup/sysmem.o
 .debug_macro   0x0000000000000000      0x1ae startup/sysmem.o
 .debug_macro   0x0000000000000000      0xa66 startup/sysmem.o
 .debug_macro   0x0000000000000000       0x10 startup/sysmem.o
 .debug_macro   0x0000000000000000       0x22 startup/sysmem.o
 .debug_macro   0x0000000000000000       0x58 startup/sysmem.o
 .debug_macro   0x0000000000000000       0x18 startup/sysmem.o
 .debug_macro   0x0000000000000000       0x94 startup/sysmem.o
 .debug_macro   0x0000000000000000       0x35 startup/sysmem.o
 .debug_macro   0x0000000000000000       0x34 startup/sysmem.o
 .debug_macro   0x0000000000000000      0x174 startup/sysmem.o
 .debug_macro   0x0000000000000000       0x57 startup/sysmem.o
 .debug_macro   0x0000000000000000       0x58 startup/sysmem.o
 .debug_macro   0x0000000000000000       0x1f startup/sysmem.o
 .debug_macro   0x0000000000000000       0x43 startup/sysmem.o
 .debug_macro   0x0000000000000000       0x20 startup/sysmem.o
 .debug_macro   0x0000000000000000      0x18e startup/sysmem.o
 .debug_macro   0x0000000000000000      0x23b startup/sysmem.o
 .debug_macro   0x0000000000000000       0x16 startup/sysmem.o
 .debug_macro   0x0000000000000000       0x35 startup/sysmem.o
 .debug_macro   0x0000000000000000      0x330 startup/sysmem.o
 .debug_macro   0x0000000000000000       0x10 startup/sysmem.o
 .debug_macro   0x0000000000000000       0x10 startup/sysmem.o
 .debug_macro   0x0000000000000000       0x6a startup/sysmem.o
 .debug_macro   0x0000000000000000       0x1c startup/sysmem.o
 .debug_macro   0x0000000000000000       0x52 startup/sysmem.o
 .debug_macro   0x0000000000000000       0x40 startup/sysmem.o
 .debug_macro   0x0000000000000000       0x10 startup/sysmem.o
 .debug_macro   0x0000000000000000       0x40 startup/sysmem.o
 .debug_macro   0x0000000000000000       0xd7 startup/sysmem.o
 .debug_macro   0x0000000000000000       0x1c startup/sysmem.o
 .debug_macro   0x0000000000000000       0x3d startup/sysmem.o
 .debug_macro   0x0000000000000000       0x16 startup/sysmem.o
 .debug_macro   0x0000000000000000      0x16f startup/sysmem.o
 .debug_line    0x0000000000000000      0x46e startup/sysmem.o
 .debug_str     0x0000000000000000     0x77b3 startup/sysmem.o
 .comment       0x0000000000000000       0x80 startup/sysmem.o
 .debug_frame   0x0000000000000000       0x34 startup/sysmem.o
 .ARM.attributes
                0x0000000000000000       0x39 startup/sysmem.o
 .text          0x0000000000000000        0x0 /Applications/Ac6/SystemWorkbench.app/Contents/Eclipse/plugins/fr.ac6.mcu.externaltools.arm-none.macos64_1.17.0.201812190825/tools/compiler/bin/../lib/gcc/arm-none-eabi/7.3.1/../../../../arm-none-eabi/lib/thumb/v7e-m/fpv4-sp/hard/libc.a(lib_a-errno.o)
 .data          0x0000000000000000        0x0 /Applications/Ac6/SystemWorkbench.app/Contents/Eclipse/plugins/fr.ac6.mcu.externaltools.arm-none.macos64_1.17.0.201812190825/tools/compiler/bin/../lib/gcc/arm-none-eabi/7.3.1/../../../../arm-none-eabi/lib/thumb/v7e-m/fpv4-sp/hard/libc.a(lib_a-errno.o)
 .bss           0x0000000000000000        0x0 /Applications/Ac6/SystemWorkbench.app/Contents/Eclipse/plugins/fr.ac6.mcu.externaltools.arm-none.macos64_1.17.0.201812190825/tools/compiler/bin/../lib/gcc/arm-none-eabi/7.3.1/../../../../arm-none-eabi/lib/thumb/v7e-m/fpv4-sp/hard/libc.a(lib_a-errno.o)
 .text.__errno  0x0000000000000000        0xc /Applications/Ac6/SystemWorkbench.app/Contents/Eclipse/plugins/fr.ac6.mcu.externaltools.arm-none.macos64_1.17.0.201812190825/tools/compiler/bin/../lib/gcc/arm-none-eabi/7.3.1/../../../../arm-none-eabi/lib/thumb/v7e-m/fpv4-sp/hard/libc.a(lib_a-errno.o)
 .debug_frame   0x0000000000000000       0x20 /Applications/Ac6/SystemWorkbench.app/Contents/Eclipse/plugins/fr.ac6.mcu.externaltools.arm-none.macos64_1.17.0.201812190825/tools/compiler/bin/../lib/gcc/arm-none-eabi/7.3.1/../../../../arm-none-eabi/lib/thumb/v7e-m/fpv4-sp/hard/libc.a(lib_a-errno.o)
 .ARM.attributes
                0x0000000000000000       0x34 /Applications/Ac6/SystemWorkbench.app/Contents/Eclipse/plugins/fr.ac6.mcu.externaltools.arm-none.macos64_1.17.0.201812190825/tools/compiler/bin/../lib/gcc/arm-none-eabi/7.3.1/../../../../arm-none-eabi/lib/thumb/v7e-m/fpv4-sp/hard/libc.a(lib_a-errno.o)
 .text          0x0000000000000000        0x0 /Applications/Ac6/SystemWorkbench.app/Contents/Eclipse/plugins/fr.ac6.mcu.externaltools.arm-none.macos64_1.17.0.201812190825/tools/compiler/bin/../lib/gcc/arm-none-eabi/7.3.1/../../../../arm-none-eabi/lib/thumb/v7e-m/fpv4-sp/hard/libc.a(lib_a-exit.o)
 .data          0x0000000000000000        0x0 /Applications/Ac6/SystemWorkbench.app/Contents/Eclipse/plugins/fr.ac6.mcu.externaltools.arm-none.macos64_1.17.0.201812190825/tools/compiler/bin/../lib/gcc/arm-none-eabi/7.3.1/../../../../arm-none-eabi/lib/thumb/v7e-m/fpv4-sp/hard/libc.a(lib_a-exit.o)
 .bss           0x0000000000000000        0x0 /Applications/Ac6/SystemWorkbench.app/Contents/Eclipse/plugins/fr.ac6.mcu.externaltools.arm-none.macos64_1.17.0.201812190825/tools/compiler/bin/../lib/gcc/arm-none-eabi/7.3.1/../../../../arm-none-eabi/lib/thumb/v7e-m/fpv4-sp/hard/libc.a(lib_a-exit.o)
 .text.exit     0x0000000000000000       0x20 /Applications/Ac6/SystemWorkbench.app/Contents/Eclipse/plugins/fr.ac6.mcu.externaltools.arm-none.macos64_1.17.0.201812190825/tools/compiler/bin/../lib/gcc/arm-none-eabi/7.3.1/../../../../arm-none-eabi/lib/thumb/v7e-m/fpv4-sp/hard/libc.a(lib_a-exit.o)
 .debug_frame   0x0000000000000000       0x28 /Applications/Ac6/SystemWorkbench.app/Contents/Eclipse/plugins/fr.ac6.mcu.externaltools.arm-none.macos64_1.17.0.201812190825/tools/compiler/bin/../lib/gcc/arm-none-eabi/7.3.1/../../../../arm-none-eabi/lib/thumb/v7e-m/fpv4-sp/hard/libc.a(lib_a-exit.o)
 .ARM.attributes
                0x0000000000000000       0x34 /Applications/Ac6/SystemWorkbench.app/Contents/Eclipse/plugins/fr.ac6.mcu.externaltools.arm-none.macos64_1.17.0.201812190825/tools/compiler/bin/../lib/gcc/arm-none-eabi/7.3.1/../../../../arm-none-eabi/lib/thumb/v7e-m/fpv4-sp/hard/libc.a(lib_a-exit.o)
 .text          0x0000000000000000        0x0 /Applications/Ac6/SystemWorkbench.app/Contents/Eclipse/plugins/fr.ac6.mcu.externaltools.arm-none.macos64_1.17.0.201812190825/tools/compiler/bin/../lib/gcc/arm-none-eabi/7.3.1/../../../../arm-none-eabi/lib/thumb/v7e-m/fpv4-sp/hard/libc.a(lib_a-impure.o)
 .data          0x0000000000000000        0x0 /Applications/Ac6/SystemWorkbench.app/Contents/Eclipse/plugins/fr.ac6.mcu.externaltools.arm-none.macos64_1.17.0.201812190825/tools/compiler/bin/../lib/gcc/arm-none-eabi/7.3.1/../../../../arm-none-eabi/lib/thumb/v7e-m/fpv4-sp/hard/libc.a(lib_a-impure.o)
 .bss           0x0000000000000000        0x0 /Applications/Ac6/SystemWorkbench.app/Contents/Eclipse/plugins/fr.ac6.mcu.externaltools.arm-none.macos64_1.17.0.201812190825/tools/compiler/bin/../lib/gcc/arm-none-eabi/7.3.1/../../../../arm-none-eabi/lib/thumb/v7e-m/fpv4-sp/hard/libc.a(lib_a-impure.o)
 .data._impure_ptr
                0x0000000000000000        0x4 /Applications/Ac6/SystemWorkbench.app/Contents/Eclipse/plugins/fr.ac6.mcu.externaltools.arm-none.macos64_1.17.0.201812190825/tools/compiler/bin/../lib/gcc/arm-none-eabi/7.3.1/../../../../arm-none-eabi/lib/thumb/v7e-m/fpv4-sp/hard/libc.a(lib_a-impure.o)
 .text          0x0000000000000000        0x0 /Applications/Ac6/SystemWorkbench.app/Contents/Eclipse/plugins/fr.ac6.mcu.externaltools.arm-none.macos64_1.17.0.201812190825/tools/compiler/bin/../lib/gcc/arm-none-eabi/7.3.1/../../../../arm-none-eabi/lib/thumb/v7e-m/fpv4-sp/hard/libc.a(lib_a-init.o)
 .data          0x0000000000000000        0x0 /Applications/Ac6/SystemWorkbench.app/Contents/Eclipse/plugins/fr.ac6.mcu.externaltools.arm-none.macos64_1.17.0.201812190825/tools/compiler/bin/../lib/gcc/arm-none-eabi/7.3.1/../../../../arm-none-eabi/lib/thumb/v7e-m/fpv4-sp/hard/libc.a(lib_a-init.o)
 .bss           0x0000000000000000        0x0 /Applications/Ac6/SystemWorkbench.app/Contents/Eclipse/plugins/fr.ac6.mcu.externaltools.arm-none.macos64_1.17.0.201812190825/tools/compiler/bin/../lib/gcc/arm-none-eabi/7.3.1/../../../../arm-none-eabi/lib/thumb/v7e-m/fpv4-sp/hard/libc.a(lib_a-init.o)
 .text          0x0000000000000000        0x0 /Applications/Ac6/SystemWorkbench.app/Contents/Eclipse/plugins/fr.ac6.mcu.externaltools.arm-none.macos64_1.17.0.201812190825/tools/compiler/bin/../lib/gcc/arm-none-eabi/7.3.1/../../../../arm-none-eabi/lib/thumb/v7e-m/fpv4-sp/hard/libc.a(lib_a-memset.o)
 .data          0x0000000000000000        0x0 /Applications/Ac6/SystemWorkbench.app/Contents/Eclipse/plugins/fr.ac6.mcu.externaltools.arm-none.macos64_1.17.0.201812190825/tools/compiler/bin/../lib/gcc/arm-none-eabi/7.3.1/../../../../arm-none-eabi/lib/thumb/v7e-m/fpv4-sp/hard/libc.a(lib_a-memset.o)
 .bss           0x0000000000000000        0x0 /Applications/Ac6/SystemWorkbench.app/Contents/Eclipse/plugins/fr.ac6.mcu.externaltools.arm-none.macos64_1.17.0.201812190825/tools/compiler/bin/../lib/gcc/arm-none-eabi/7.3.1/../../../../arm-none-eabi/lib/thumb/v7e-m/fpv4-sp/hard/libc.a(lib_a-memset.o)
 .text.memset   0x0000000000000000       0x94 /Applications/Ac6/SystemWorkbench.app/Contents/Eclipse/plugins/fr.ac6.mcu.externaltools.arm-none.macos64_1.17.0.201812190825/tools/compiler/bin/../lib/gcc/arm-none-eabi/7.3.1/../../../../arm-none-eabi/lib/thumb/v7e-m/fpv4-sp/hard/libc.a(lib_a-memset.o)
 .debug_frame   0x0000000000000000       0x38 /Applications/Ac6/SystemWorkbench.app/Contents/Eclipse/plugins/fr.ac6.mcu.externaltools.arm-none.macos64_1.17.0.201812190825/tools/compiler/bin/../lib/gcc/arm-none-eabi/7.3.1/../../../../arm-none-eabi/lib/thumb/v7e-m/fpv4-sp/hard/libc.a(lib_a-memset.o)
 .ARM.attributes
                0x0000000000000000       0x34 /Applications/Ac6/SystemWorkbench.app/Contents/Eclipse/plugins/fr.ac6.mcu.externaltools.arm-none.macos64_1.17.0.201812190825/tools/compiler/bin/../lib/gcc/arm-none-eabi/7.3.1/../../../../arm-none-eabi/lib/thumb/v7e-m/fpv4-sp/hard/libc.a(lib_a-memset.o)
 .text          0x0000000000000000        0x0 /Applications/Ac6/SystemWorkbench.app/Contents/Eclipse/plugins/fr.ac6.mcu.externaltools.arm-none.macos64_1.17.0.201812190825/tools/compiler/bin/../lib/gcc/arm-none-eabi/7.3.1/../../../../arm-none-eabi/lib/thumb/v7e-m/fpv4-sp/hard/libc.a(lib_a-__call_atexit.o)
 .data          0x0000000000000000        0x0 /Applications/Ac6/SystemWorkbench.app/Contents/Eclipse/plugins/fr.ac6.mcu.externaltools.arm-none.macos64_1.17.0.201812190825/tools/compiler/bin/../lib/gcc/arm-none-eabi/7.3.1/../../../../arm-none-eabi/lib/thumb/v7e-m/fpv4-sp/hard/libc.a(lib_a-__call_atexit.o)
 .bss           0x0000000000000000        0x0 /Applications/Ac6/SystemWorkbench.app/Contents/Eclipse/plugins/fr.ac6.mcu.externaltools.arm-none.macos64_1.17.0.201812190825/tools/compiler/bin/../lib/gcc/arm-none-eabi/7.3.1/../../../../arm-none-eabi/lib/thumb/v7e-m/fpv4-sp/hard/libc.a(lib_a-__call_atexit.o)
 .text.__call_exitprocs
                0x0000000000000000       0xe8 /Applications/Ac6/SystemWorkbench.app/Contents/Eclipse/plugins/fr.ac6.mcu.externaltools.arm-none.macos64_1.17.0.201812190825/tools/compiler/bin/../lib/gcc/arm-none-eabi/7.3.1/../../../../arm-none-eabi/lib/thumb/v7e-m/fpv4-sp/hard/libc.a(lib_a-__call_atexit.o)
 .text          0x0000000000000000        0x0 /Applications/Ac6/SystemWorkbench.app/Contents/Eclipse/plugins/fr.ac6.mcu.externaltools.arm-none.macos64_1.17.0.201812190825/tools/compiler/bin/../lib/gcc/arm-none-eabi/7.3.1/../../../../arm-none-eabi/lib/thumb/v7e-m/fpv4-sp/hard/libc.a(lib_a-atexit.o)
 .data          0x0000000000000000        0x0 /Applications/Ac6/SystemWorkbench.app/Contents/Eclipse/plugins/fr.ac6.mcu.externaltools.arm-none.macos64_1.17.0.201812190825/tools/compiler/bin/../lib/gcc/arm-none-eabi/7.3.1/../../../../arm-none-eabi/lib/thumb/v7e-m/fpv4-sp/hard/libc.a(lib_a-atexit.o)
 .bss           0x0000000000000000        0x0 /Applications/Ac6/SystemWorkbench.app/Contents/Eclipse/plugins/fr.ac6.mcu.externaltools.arm-none.macos64_1.17.0.201812190825/tools/compiler/bin/../lib/gcc/arm-none-eabi/7.3.1/../../../../arm-none-eabi/lib/thumb/v7e-m/fpv4-sp/hard/libc.a(lib_a-atexit.o)
 .text          0x0000000000000000        0x0 /Applications/Ac6/SystemWorkbench.app/Contents/Eclipse/plugins/fr.ac6.mcu.externaltools.arm-none.macos64_1.17.0.201812190825/tools/compiler/bin/../lib/gcc/arm-none-eabi/7.3.1/../../../../arm-none-eabi/lib/thumb/v7e-m/fpv4-sp/hard/libc.a(lib_a-fini.o)
 .data          0x0000000000000000        0x0 /Applications/Ac6/SystemWorkbench.app/Contents/Eclipse/plugins/fr.ac6.mcu.externaltools.arm-none.macos64_1.17.0.201812190825/tools/compiler/bin/../lib/gcc/arm-none-eabi/7.3.1/../../../../arm-none-eabi/lib/thumb/v7e-m/fpv4-sp/hard/libc.a(lib_a-fini.o)
 .bss           0x0000000000000000        0x0 /Applications/Ac6/SystemWorkbench.app/Contents/Eclipse/plugins/fr.ac6.mcu.externaltools.arm-none.macos64_1.17.0.201812190825/tools/compiler/bin/../lib/gcc/arm-none-eabi/7.3.1/../../../../arm-none-eabi/lib/thumb/v7e-m/fpv4-sp/hard/libc.a(lib_a-fini.o)
 .text          0x0000000000000000        0x0 /Applications/Ac6/SystemWorkbench.app/Contents/Eclipse/plugins/fr.ac6.mcu.externaltools.arm-none.macos64_1.17.0.201812190825/tools/compiler/bin/../lib/gcc/arm-none-eabi/7.3.1/../../../../arm-none-eabi/lib/thumb/v7e-m/fpv4-sp/hard/libc.a(lib_a-lock.o)
 .data          0x0000000000000000        0x0 /Applications/Ac6/SystemWorkbench.app/Contents/Eclipse/plugins/fr.ac6.mcu.externaltools.arm-none.macos64_1.17.0.201812190825/tools/compiler/bin/../lib/gcc/arm-none-eabi/7.3.1/../../../../arm-none-eabi/lib/thumb/v7e-m/fpv4-sp/hard/libc.a(lib_a-lock.o)
 .bss           0x0000000000000000        0x0 /Applications/Ac6/SystemWorkbench.app/Contents/Eclipse/plugins/fr.ac6.mcu.externaltools.arm-none.macos64_1.17.0.201812190825/tools/compiler/bin/../lib/gcc/arm-none-eabi/7.3.1/../../../../arm-none-eabi/lib/thumb/v7e-m/fpv4-sp/hard/libc.a(lib_a-lock.o)
 .text.__retarget_lock_init
                0x0000000000000000        0x4 /Applications/Ac6/SystemWorkbench.app/Contents/Eclipse/plugins/fr.ac6.mcu.externaltools.arm-none.macos64_1.17.0.201812190825/tools/compiler/bin/../lib/gcc/arm-none-eabi/7.3.1/../../../../arm-none-eabi/lib/thumb/v7e-m/fpv4-sp/hard/libc.a(lib_a-lock.o)
 .text.__retarget_lock_init_recursive
                0x0000000000000000        0x4 /Applications/Ac6/SystemWorkbench.app/Contents/Eclipse/plugins/fr.ac6.mcu.externaltools.arm-none.macos64_1.17.0.201812190825/tools/compiler/bin/../lib/gcc/arm-none-eabi/7.3.1/../../../../arm-none-eabi/lib/thumb/v7e-m/fpv4-sp/hard/libc.a(lib_a-lock.o)
 .text.__retarget_lock_close
                0x0000000000000000        0x4 /Applications/Ac6/SystemWorkbench.app/Contents/Eclipse/plugins/fr.ac6.mcu.externaltools.arm-none.macos64_1.17.0.201812190825/tools/compiler/bin/../lib/gcc/arm-none-eabi/7.3.1/../../../../arm-none-eabi/lib/thumb/v7e-m/fpv4-sp/hard/libc.a(lib_a-lock.o)
 .text.__retarget_lock_close_recursive
                0x0000000000000000        0x4 /Applications/Ac6/SystemWorkbench.app/Contents/Eclipse/plugins/fr.ac6.mcu.externaltools.arm-none.macos64_1.17.0.201812190825/tools/compiler/bin/../lib/gcc/arm-none-eabi/7.3.1/../../../../arm-none-eabi/lib/thumb/v7e-m/fpv4-sp/hard/libc.a(lib_a-lock.o)
 .text.__retarget_lock_acquire
                0x0000000000000000        0x4 /Applications/Ac6/SystemWorkbench.app/Contents/Eclipse/plugins/fr.ac6.mcu.externaltools.arm-none.macos64_1.17.0.201812190825/tools/compiler/bin/../lib/gcc/arm-none-eabi/7.3.1/../../../../arm-none-eabi/lib/thumb/v7e-m/fpv4-sp/hard/libc.a(lib_a-lock.o)
 .text.__retarget_lock_try_acquire
                0x0000000000000000        0x4 /Applications/Ac6/SystemWorkbench.app/Contents/Eclipse/plugins/fr.ac6.mcu.externaltools.arm-none.macos64_1.17.0.201812190825/tools/compiler/bin/../lib/gcc/arm-none-eabi/7.3.1/../../../../arm-none-eabi/lib/thumb/v7e-m/fpv4-sp/hard/libc.a(lib_a-lock.o)
 .text.__retarget_lock_try_acquire_recursive
                0x0000000000000000        0x4 /Applications/Ac6/SystemWorkbench.app/Contents/Eclipse/plugins/fr.ac6.mcu.externaltools.arm-none.macos64_1.17.0.201812190825/tools/compiler/bin/../lib/gcc/arm-none-eabi/7.3.1/../../../../arm-none-eabi/lib/thumb/v7e-m/fpv4-sp/hard/libc.a(lib_a-lock.o)
 .text.__retarget_lock_release
                0x0000000000000000        0x4 /Applications/Ac6/SystemWorkbench.app/Contents/Eclipse/plugins/fr.ac6.mcu.externaltools.arm-none.macos64_1.17.0.201812190825/tools/compiler/bin/../lib/gcc/arm-none-eabi/7.3.1/../../../../arm-none-eabi/lib/thumb/v7e-m/fpv4-sp/hard/libc.a(lib_a-lock.o)
 .text          0x0000000000000000        0x0 /Applications/Ac6/SystemWorkbench.app/Contents/Eclipse/plugins/fr.ac6.mcu.externaltools.arm-none.macos64_1.17.0.201812190825/tools/compiler/bin/../lib/gcc/arm-none-eabi/7.3.1/../../../../arm-none-eabi/lib/thumb/v7e-m/fpv4-sp/hard/libc.a(lib_a-__atexit.o)
 .data          0x0000000000000000        0x0 /Applications/Ac6/SystemWorkbench.app/Contents/Eclipse/plugins/fr.ac6.mcu.externaltools.arm-none.macos64_1.17.0.201812190825/tools/compiler/bin/../lib/gcc/arm-none-eabi/7.3.1/../../../../arm-none-eabi/lib/thumb/v7e-m/fpv4-sp/hard/libc.a(lib_a-__atexit.o)
 .bss           0x0000000000000000        0x0 /Applications/Ac6/SystemWorkbench.app/Contents/Eclipse/plugins/fr.ac6.mcu.externaltools.arm-none.macos64_1.17.0.201812190825/tools/compiler/bin/../lib/gcc/arm-none-eabi/7.3.1/../../../../arm-none-eabi/lib/thumb/v7e-m/fpv4-sp/hard/libc.a(lib_a-__atexit.o)
 .text          0x0000000000000000        0x0 /Applications/Ac6/SystemWorkbench.app/Contents/Eclipse/plugins/fr.ac6.mcu.externaltools.arm-none.macos64_1.17.0.201812190825/tools/compiler/bin/../lib/gcc/arm-none-eabi/7.3.1/thumb/v7e-m/fpv4-sp/hard/crtend.o
 .data          0x0000000000000000        0x0 /Applications/Ac6/SystemWorkbench.app/Contents/Eclipse/plugins/fr.ac6.mcu.externaltools.arm-none.macos64_1.17.0.201812190825/tools/compiler/bin/../lib/gcc/arm-none-eabi/7.3.1/thumb/v7e-m/fpv4-sp/hard/crtend.o
 .bss           0x0000000000000000        0x0 /Applications/Ac6/SystemWorkbench.app/Contents/Eclipse/plugins/fr.ac6.mcu.externaltools.arm-none.macos64_1.17.0.201812190825/tools/compiler/bin/../lib/gcc/arm-none-eabi/7.3.1/thumb/v7e-m/fpv4-sp/hard/crtend.o
 .eh_frame      0x0000000000000000        0x4 /Applications/Ac6/SystemWorkbench.app/Contents/Eclipse/plugins/fr.ac6.mcu.externaltools.arm-none.macos64_1.17.0.201812190825/tools/compiler/bin/../lib/gcc/arm-none-eabi/7.3.1/thumb/v7e-m/fpv4-sp/hard/crtend.o
 .ARM.attributes
                0x0000000000000000       0x34 /Applications/Ac6/SystemWorkbench.app/Contents/Eclipse/plugins/fr.ac6.mcu.externaltools.arm-none.macos64_1.17.0.201812190825/tools/compiler/bin/../lib/gcc/arm-none-eabi/7.3.1/thumb/v7e-m/fpv4-sp/hard/crtend.o
 .text          0x0000000000000000        0x0 /Applications/Ac6/SystemWorkbench.app/Contents/Eclipse/plugins/fr.ac6.mcu.externaltools.arm-none.macos64_1.17.0.201812190825/tools/compiler/bin/../lib/gcc/arm-none-eabi/7.3.1/thumb/v7e-m/fpv4-sp/hard/crtn.o
 .data          0x0000000000000000        0x0 /Applications/Ac6/SystemWorkbench.app/Contents/Eclipse/plugins/fr.ac6.mcu.externaltools.arm-none.macos64_1.17.0.201812190825/tools/compiler/bin/../lib/gcc/arm-none-eabi/7.3.1/thumb/v7e-m/fpv4-sp/hard/crtn.o
 .bss           0x0000000000000000        0x0 /Applications/Ac6/SystemWorkbench.app/Contents/Eclipse/plugins/fr.ac6.mcu.externaltools.arm-none.macos64_1.17.0.201812190825/tools/compiler/bin/../lib/gcc/arm-none-eabi/7.3.1/thumb/v7e-m/fpv4-sp/hard/crtn.o

Memory Configuration

Name             Origin             Length             Attributes
RAM              0x0000000020000000 0x0000000000018000 xrw
ROM              0x0000000008000000 0x0000000000100000 xr
*default*        0x0000000000000000 0xffffffffffffffff

Linker script and memory map

LOAD /Applications/Ac6/SystemWorkbench.app/Contents/Eclipse/plugins/fr.ac6.mcu.externaltools.arm-none.macos64_1.17.0.201812190825/tools/compiler/bin/../lib/gcc/arm-none-eabi/7.3.1/thumb/v7e-m/fpv4-sp/hard/crti.o
LOAD /Applications/Ac6/SystemWorkbench.app/Contents/Eclipse/plugins/fr.ac6.mcu.externaltools.arm-none.macos64_1.17.0.201812190825/tools/compiler/bin/../lib/gcc/arm-none-eabi/7.3.1/thumb/v7e-m/fpv4-sp/hard/crtbegin.o
LOAD /Applications/Ac6/SystemWorkbench.app/Contents/Eclipse/plugins/fr.ac6.mcu.externaltools.arm-none.macos64_1.17.0.201812190825/tools/compiler/bin/../lib/gcc/arm-none-eabi/7.3.1/../../../../arm-none-eabi/lib/thumb/v7e-m/fpv4-sp/hard/crt0.o
LOAD src/main.o
LOAD startup/startup_stm32.o
LOAD startup/sysmem.o
LOAD /Applications/Ac6/SystemWorkbench.app/Contents/Eclipse/plugins/fr.ac6.mcu.externaltools.arm-none.macos64_1.17.0.201812190825/tools/compiler/bin/../lib/gcc/arm-none-eabi/7.3.1/../../../../arm-none-eabi/lib/thumb/v7e-m/fpv4-sp/hard/libm.a
START GROUP
LOAD /Applications/Ac6/SystemWorkbench.app/Contents/Eclipse/plugins/fr.ac6.mcu.externaltools.arm-none.macos64_1.17.0.201812190825/tools/compiler/bin/../lib/gcc/arm-none-eabi/7.3.1/thumb/v7e-m/fpv4-sp/hard/libgcc.a
LOAD /Applications/Ac6/SystemWorkbench.app/Contents/Eclipse/plugins/fr.ac6.mcu.externaltools.arm-none.macos64_1.17.0.201812190825/tools/compiler/bin/../lib/gcc/arm-none-eabi/7.3.1/../../../../arm-none-eabi/lib/thumb/v7e-m/fpv4-sp/hard/libc.a
END GROUP
LOAD /Applications/Ac6/SystemWorkbench.app/Contents/Eclipse/plugins/fr.ac6.mcu.externaltools.arm-none.macos64_1.17.0.201812190825/tools/compiler/bin/../lib/gcc/arm-none-eabi/7.3.1/thumb/v7e-m/fpv4-sp/hard/crtend.o
LOAD /Applications/Ac6/SystemWorkbench.app/Contents/Eclipse/plugins/fr.ac6.mcu.externaltools.arm-none.macos64_1.17.0.201812190825/tools/compiler/bin/../lib/gcc/arm-none-eabi/7.3.1/thumb/v7e-m/fpv4-sp/hard/crtn.o
                0x0000000020018000                _estack = 0x20018000
                0x0000000000000000                _Min_Heap_Size = 0x0
                0x0000000000000400                _Min_Stack_Size = 0x400

.isr_vector     0x0000000008000000      0x188
                0x0000000008000000                . = ALIGN (0x8)
 *(.isr_vector)
 .isr_vector    0x0000000008000000      0x188 startup/startup_stm32.o
                0x0000000008000000                g_pfnVectors
                0x0000000008000188                . = ALIGN (0x8)

.text           0x0000000008000188      0x228
                0x0000000008000188                . = ALIGN (0x8)
 *(.text)
 .text          0x0000000008000188       0x40 /Applications/Ac6/SystemWorkbench.app/Contents/Eclipse/plugins/fr.ac6.mcu.externaltools.arm-none.macos64_1.17.0.201812190825/tools/compiler/bin/../lib/gcc/arm-none-eabi/7.3.1/thumb/v7e-m/fpv4-sp/hard/crtbegin.o
 .text          0x00000000080001c8       0x18 src/main.o
                0x00000000080001c8                main
 *(.text*)
 .text.Reset_Handler
                0x00000000080001e0       0x50 startup/startup_stm32.o
                0x00000000080001e0                Reset_Handler
 .text.Default_Handler
                0x0000000008000230        0x2 startup/startup_stm32.o
                0x0000000008000230                TIM1_BRK_TIM15_IRQHandler
                0x0000000008000230                TIM8_TRG_COM_IRQHandler
                0x0000000008000230                TIM8_CC_IRQHandler
                0x0000000008000230                DebugMon_Handler
                0x0000000008000230                DMA1_CH4_IRQHandler
                0x0000000008000230                TIM1_CC_IRQHandler
                0x0000000008000230                TSC_IRQHandler
                0x0000000008000230                HardFault_Handler
                0x0000000008000230                SysTick_Handler
                0x0000000008000230                TAMP_STAMP_IRQHandler
                0x0000000008000230                PendSV_Handler
                0x0000000008000230                NMI_Handler
                0x0000000008000230                EXTI3_IRQHandler
                0x0000000008000230                LPTIM2_IRQHandler
                0x0000000008000230                DFSDM1_FLT1_IRQHandler
                0x0000000008000230                I2C3_ER_IRQHandler
                0x0000000008000230                DFSDM1_FLT2_IRQHandler
                0x0000000008000230                TIM6_DACUNDER_IRQHandler
                0x0000000008000230                EXTI0_IRQHandler
                0x0000000008000230                I2C2_EV_IRQHandler
                0x0000000008000230                DMA2_CH1_IRQHandler
                0x0000000008000230                CAN1_RX0_IRQHandler
                0x0000000008000230                FPU_IRQHandler
                0x0000000008000230                TIM1_UP_TIM16_IRQHandler
                0x0000000008000230                DMA2_CH7_IRQHandler
                0x0000000008000230                UsageFault_Handler
                0x0000000008000230                ADC1_2_IRQHandler
                0x0000000008000230                SPI1_IRQHandler
                0x0000000008000230                DMA1_CH7_IRQHandler
                0x0000000008000230                TIM8_UP_IRQHandler
                0x0000000008000230                RTC_ALARM_IRQHandler
                0x0000000008000230                SAI2_IRQHandler
                0x0000000008000230                DFSDM1_FLT3_IRQHandler
                0x0000000008000230                DMA1_CH6_IRQHandler
                0x0000000008000230                USART3_IRQHandler
                0x0000000008000230                CAN1_RX1_IRQHandler
                0x0000000008000230                LCD_IRQHandler
                0x0000000008000230                UART5_IRQHandler
                0x0000000008000230                ADC3_IRQHandler
                0x0000000008000230                TIM4_IRQHandler
                0x0000000008000230                QUADSPI_IRQHandler
                0x0000000008000230                I2C1_EV_IRQHandler
                0x0000000008000230                DMA2_CH5_IRQHandler
                0x0000000008000230                UART4_IRQHandler
                0x0000000008000230                DMA1_CH3_IRQHandler
                0x0000000008000230                TIM3_IRQHandler
                0x0000000008000230                RCC_IRQHandler
                0x0000000008000230                Default_Handler
                0x0000000008000230                EXTI15_10_IRQHandler
                0x0000000008000230                TIM7_IRQHandler
                0x0000000008000230                SDMMC1_IRQHandler
                0x0000000008000230                TIM5_IRQHandler
                0x0000000008000230                I2C3_EV_IRQHandler
                0x0000000008000230                EXTI9_5_IRQHandler
                0x0000000008000230                DMA1_CH2_IRQHandler
                0x0000000008000230                RTC_WKUP_IRQHandler
                0x0000000008000230                PVD_PVM_IRQHandler
                0x0000000008000230                SPI2_IRQHandler
                0x0000000008000230                DMA1_CH1_IRQHandler
                0x0000000008000230                MemManage_Handler
                0x0000000008000230                CAN1_TX_IRQHandler
                0x0000000008000230                SVC_Handler
                0x0000000008000230                EXTI4_IRQHandler
                0x0000000008000230                RNG_IRQHandler
                0x0000000008000230                TIM1_TRG_COM_TIM17_IRQHandler
                0x0000000008000230                COMP_IRQHandler
                0x0000000008000230                WWDG_IRQHandler
                0x0000000008000230                LPUART1_IRQHandler
                0x0000000008000230                TIM2_IRQHandler
                0x0000000008000230                EXTI1_IRQHandler
                0x0000000008000230                AES_IRQHandler
                0x0000000008000230                USART2_IRQHandler
                0x0000000008000230                DFSDM1_FLT0_IRQHandler
                0x0000000008000230                I2C2_ER_IRQHandler
                0x0000000008000230                TIM8_BRK_IRQHandler
                0x0000000008000230                CAN1_SCE_IRQHandler
                0x0000000008000230                FLASH_IRQHandler
                0x0000000008000230                BusFault_Handler
                0x0000000008000230                USART1_IRQHandler
                0x0000000008000230                OTG_FS_IRQHandler
                0x0000000008000230                SPI3_IRQHandler
                0x0000000008000230                DMA2_CH6_IRQHandler
                0x0000000008000230                DMA2_CH3_IRQHandler
                0x0000000008000230                DMA2_CH2_IRQHandler
                0x0000000008000230                I2C1_ER_IRQHandler
                0x0000000008000230                FMC_IRQHandler
                0x0000000008000230                DMA1_CH5_IRQHandler
                0x0000000008000230                DMA2_CH4_IRQHandler
                0x0000000008000230                SWPMI1_IRQHandler
                0x0000000008000230                LPTIM1_IRQHandler
                0x0000000008000230                SAI1_IRQHandler
                0x0000000008000230                EXTI2_IRQHandler
 *fill*         0x0000000008000232        0x2 
 .text.__libc_init_array
                0x0000000008000234       0x48 /Applications/Ac6/SystemWorkbench.app/Contents/Eclipse/plugins/fr.ac6.mcu.externaltools.arm-none.macos64_1.17.0.201812190825/tools/compiler/bin/../lib/gcc/arm-none-eabi/7.3.1/../../../../arm-none-eabi/lib/thumb/v7e-m/fpv4-sp/hard/libc.a(lib_a-init.o)
                0x0000000008000234                __libc_init_array
 .text.startup.register_fini
                0x000000000800027c       0x14 /Applications/Ac6/SystemWorkbench.app/Contents/Eclipse/plugins/fr.ac6.mcu.externaltools.arm-none.macos64_1.17.0.201812190825/tools/compiler/bin/../lib/gcc/arm-none-eabi/7.3.1/../../../../arm-none-eabi/lib/thumb/v7e-m/fpv4-sp/hard/libc.a(lib_a-__call_atexit.o)
 .text.atexit   0x0000000008000290        0xc /Applications/Ac6/SystemWorkbench.app/Contents/Eclipse/plugins/fr.ac6.mcu.externaltools.arm-none.macos64_1.17.0.201812190825/tools/compiler/bin/../lib/gcc/arm-none-eabi/7.3.1/../../../../arm-none-eabi/lib/thumb/v7e-m/fpv4-sp/hard/libc.a(lib_a-atexit.o)
                0x0000000008000290                atexit
 .text.__libc_fini_array
                0x000000000800029c       0x34 /Applications/Ac6/SystemWorkbench.app/Contents/Eclipse/plugins/fr.ac6.mcu.externaltools.arm-none.macos64_1.17.0.201812190825/tools/compiler/bin/../lib/gcc/arm-none-eabi/7.3.1/../../../../arm-none-eabi/lib/thumb/v7e-m/fpv4-sp/hard/libc.a(lib_a-fini.o)
                0x000000000800029c                __libc_fini_array
 .text.__retarget_lock_acquire_recursive
                0x00000000080002d0        0x4 /Applications/Ac6/SystemWorkbench.app/Contents/Eclipse/plugins/fr.ac6.mcu.externaltools.arm-none.macos64_1.17.0.201812190825/tools/compiler/bin/../lib/gcc/arm-none-eabi/7.3.1/../../../../arm-none-eabi/lib/thumb/v7e-m/fpv4-sp/hard/libc.a(lib_a-lock.o)
                0x00000000080002d0                __retarget_lock_acquire_recursive
 .text.__retarget_lock_release_recursive
                0x00000000080002d4        0x4 /Applications/Ac6/SystemWorkbench.app/Contents/Eclipse/plugins/fr.ac6.mcu.externaltools.arm-none.macos64_1.17.0.201812190825/tools/compiler/bin/../lib/gcc/arm-none-eabi/7.3.1/../../../../arm-none-eabi/lib/thumb/v7e-m/fpv4-sp/hard/libc.a(lib_a-lock.o)
                0x00000000080002d4                __retarget_lock_release_recursive
 .text.__register_exitproc
                0x00000000080002d8       0xc0 /Applications/Ac6/SystemWorkbench.app/Contents/Eclipse/plugins/fr.ac6.mcu.externaltools.arm-none.macos64_1.17.0.201812190825/tools/compiler/bin/../lib/gcc/arm-none-eabi/7.3.1/../../../../arm-none-eabi/lib/thumb/v7e-m/fpv4-sp/hard/libc.a(lib_a-__atexit.o)
                0x00000000080002d8                __register_exitproc
 *(.glue_7)
 .glue_7        0x0000000008000398        0x0 linker stubs
 *(.glue_7t)
 .glue_7t       0x0000000008000398        0x0 linker stubs
 *(.eh_frame)
 .eh_frame      0x0000000008000398        0x0 /Applications/Ac6/SystemWorkbench.app/Contents/Eclipse/plugins/fr.ac6.mcu.externaltools.arm-none.macos64_1.17.0.201812190825/tools/compiler/bin/../lib/gcc/arm-none-eabi/7.3.1/thumb/v7e-m/fpv4-sp/hard/crtbegin.o
 *(.init)
 .init          0x0000000008000398        0x4 /Applications/Ac6/SystemWorkbench.app/Contents/Eclipse/plugins/fr.ac6.mcu.externaltools.arm-none.macos64_1.17.0.201812190825/tools/compiler/bin/../lib/gcc/arm-none-eabi/7.3.1/thumb/v7e-m/fpv4-sp/hard/crti.o
                0x0000000008000398                _init
 .init          0x000000000800039c        0x8 /Applications/Ac6/SystemWorkbench.app/Contents/Eclipse/plugins/fr.ac6.mcu.externaltools.arm-none.macos64_1.17.0.201812190825/tools/compiler/bin/../lib/gcc/arm-none-eabi/7.3.1/thumb/v7e-m/fpv4-sp/hard/crtn.o
 *(.fini)
 .fini          0x00000000080003a4        0x4 /Applications/Ac6/SystemWorkbench.app/Contents/Eclipse/plugins/fr.ac6.mcu.externaltools.arm-none.macos64_1.17.0.201812190825/tools/compiler/bin/../lib/gcc/arm-none-eabi/7.3.1/thumb/v7e-m/fpv4-sp/hard/crti.o
                0x00000000080003a4                _fini
 .fini          0x00000000080003a8        0x8 /Applications/Ac6/SystemWorkbench.app/Contents/Eclipse/plugins/fr.ac6.mcu.externaltools.arm-none.macos64_1.17.0.201812190825/tools/compiler/bin/../lib/gcc/arm-none-eabi/7.3.1/thumb/v7e-m/fpv4-sp/hard/crtn.o
                0x00000000080003b0                . = ALIGN (0x8)
                0x00000000080003b0                _etext = .

.vfp11_veneer   0x00000000080003b0        0x0
 .vfp11_veneer  0x00000000080003b0        0x0 linker stubs

.v4_bx          0x00000000080003b0        0x0
 .v4_bx         0x00000000080003b0        0x0 linker stubs

.iplt           0x00000000080003b0        0x0
 .iplt          0x00000000080003b0        0x0 /Applications/Ac6/SystemWorkbench.app/Contents/Eclipse/plugins/fr.ac6.mcu.externaltools.arm-none.macos64_1.17.0.201812190825/tools/compiler/bin/../lib/gcc/arm-none-eabi/7.3.1/thumb/v7e-m/fpv4-sp/hard/crtbegin.o

.rodata         0x00000000080003b0        0x8
                0x00000000080003b0                . = ALIGN (0x8)
 *(.rodata)
 *(.rodata*)
 .rodata._global_impure_ptr
                0x00000000080003b0        0x4 /Applications/Ac6/SystemWorkbench.app/Contents/Eclipse/plugins/fr.ac6.mcu.externaltools.arm-none.macos64_1.17.0.201812190825/tools/compiler/bin/../lib/gcc/arm-none-eabi/7.3.1/../../../../arm-none-eabi/lib/thumb/v7e-m/fpv4-sp/hard/libc.a(lib_a-impure.o)
                0x00000000080003b0                _global_impure_ptr
                0x00000000080003b8                . = ALIGN (0x8)
 *fill*         0x00000000080003b4        0x4 

.rel.dyn        0x00000000080003b8        0x0
 .rel.iplt      0x00000000080003b8        0x0 /Applications/Ac6/SystemWorkbench.app/Contents/Eclipse/plugins/fr.ac6.mcu.externaltools.arm-none.macos64_1.17.0.201812190825/tools/compiler/bin/../lib/gcc/arm-none-eabi/7.3.1/thumb/v7e-m/fpv4-sp/hard/crtbegin.o

.ARM.extab      0x00000000080003b8        0x0
                0x00000000080003b8                . = ALIGN (0x8)
 *(.ARM.extab* .gnu.linkonce.armextab.*)
                0x00000000080003b8                . = ALIGN (0x8)

.ARM            0x00000000080003b8        0x0
                0x00000000080003b8                . = ALIGN (0x8)
                0x00000000080003b8                __exidx_start = .
 *(.ARM.exidx*)
                0x00000000080003b8                __exidx_end = .
                0x00000000080003b8                . = ALIGN (0x8)

.preinit_array  0x00000000080003b8        0x0
                0x00000000080003b8                . = ALIGN (0x8)
                0x00000000080003b8                PROVIDE (__preinit_array_start = .)
 *(.preinit_array*)
                0x00000000080003b8                PROVIDE (__preinit_array_end = .)
                0x00000000080003b8                . = ALIGN (0x8)

.init_array     0x00000000080003b8        0x8
                0x00000000080003b8                . = ALIGN (0x8)
                0x00000000080003b8                PROVIDE (__init_array_start = .)
 *(SORT_BY_NAME(.init_array.*))
 .init_array.00000
                0x00000000080003b8        0x4 /Applications/Ac6/SystemWorkbench.app/Contents/Eclipse/plugins/fr.ac6.mcu.externaltools.arm-none.macos64_1.17.0.201812190825/tools/compiler/bin/../lib/gcc/arm-none-eabi/7.3.1/../../../../arm-none-eabi/lib/thumb/v7e-m/fpv4-sp/hard/libc.a(lib_a-__call_atexit.o)
 *(.init_array*)
 .init_array    0x00000000080003bc        0x4 /Applications/Ac6/SystemWorkbench.app/Contents/Eclipse/plugins/fr.ac6.mcu.externaltools.arm-none.macos64_1.17.0.201812190825/tools/compiler/bin/../lib/gcc/arm-none-eabi/7.3.1/thumb/v7e-m/fpv4-sp/hard/crtbegin.o
                0x00000000080003c0                PROVIDE (__init_array_end = .)
                0x00000000080003c0                . = ALIGN (0x8)

.fini_array     0x00000000080003c0        0x8
                0x00000000080003c0                . = ALIGN (0x8)
                0x00000000080003c0                PROVIDE (__fini_array_start = .)
 *(SORT_BY_NAME(.fini_array.*))
 *(.fini_array*)
 .fini_array    0x00000000080003c0        0x4 /Applications/Ac6/SystemWorkbench.app/Contents/Eclipse/plugins/fr.ac6.mcu.externaltools.arm-none.macos64_1.17.0.201812190825/tools/compiler/bin/../lib/gcc/arm-none-eabi/7.3.1/thumb/v7e-m/fpv4-sp/hard/crtbegin.o
                0x00000000080003c4                PROVIDE (__fini_array_end = .)
                0x00000000080003c8                . = ALIGN (0x8)
 *fill*         0x00000000080003c4        0x4 
                0x00000000080003c8                _sidata = LOADADDR (.data)

.data           0x0000000020000000      0x448 load address 0x00000000080003c8
                0x0000000020000000                . = ALIGN (0x8)
                0x0000000020000000                _sdata = .
 *(.data)
 .data          0x0000000020000000       0x11 src/main.o
 *(.data*)
 *fill*         0x0000000020000011        0x7 
 .data.impure_data
                0x0000000020000018      0x428 /Applications/Ac6/SystemWorkbench.app/Contents/Eclipse/plugins/fr.ac6.mcu.externaltools.arm-none.macos64_1.17.0.201812190825/tools/compiler/bin/../lib/gcc/arm-none-eabi/7.3.1/../../../../arm-none-eabi/lib/thumb/v7e-m/fpv4-sp/hard/libc.a(lib_a-impure.o)
 .data.__atexit_recursive_mutex
                0x0000000020000440        0x4 /Applications/Ac6/SystemWorkbench.app/Contents/Eclipse/plugins/fr.ac6.mcu.externaltools.arm-none.macos64_1.17.0.201812190825/tools/compiler/bin/../lib/gcc/arm-none-eabi/7.3.1/../../../../arm-none-eabi/lib/thumb/v7e-m/fpv4-sp/hard/libc.a(lib_a-__call_atexit.o)
                0x0000000020000440                __atexit_recursive_mutex
                0x0000000020000448                . = ALIGN (0x8)
 *fill*         0x0000000020000444        0x4 
                0x0000000020000448                _edata = .

.igot.plt       0x0000000020000448        0x0 load address 0x0000000008000810
 .igot.plt      0x0000000020000448        0x0 /Applications/Ac6/SystemWorkbench.app/Contents/Eclipse/plugins/fr.ac6.mcu.externaltools.arm-none.macos64_1.17.0.201812190825/tools/compiler/bin/../lib/gcc/arm-none-eabi/7.3.1/thumb/v7e-m/fpv4-sp/hard/crtbegin.o
                0x0000000020000448                . = ALIGN (0x8)

.bss            0x0000000020000448       0x40 load address 0x0000000008000810
                0x0000000020000448                _sbss = .
                0x0000000020000448                __bss_start__ = _sbss
 *(.bss)
 .bss           0x0000000020000448       0x1c /Applications/Ac6/SystemWorkbench.app/Contents/Eclipse/plugins/fr.ac6.mcu.externaltools.arm-none.macos64_1.17.0.201812190825/tools/compiler/bin/../lib/gcc/arm-none-eabi/7.3.1/thumb/v7e-m/fpv4-sp/hard/crtbegin.o
 *(.bss*)
 *(COMMON)
 COMMON         0x0000000020000464       0x21 /Applications/Ac6/SystemWorkbench.app/Contents/Eclipse/plugins/fr.ac6.mcu.externaltools.arm-none.macos64_1.17.0.201812190825/tools/compiler/bin/../lib/gcc/arm-none-eabi/7.3.1/../../../../arm-none-eabi/lib/thumb/v7e-m/fpv4-sp/hard/libc.a(lib_a-lock.o)
                0x0000000020000464                __lock___atexit_recursive_mutex
                0x0000000020000468                __lock___arc4random_mutex
                0x000000002000046c                __lock___env_recursive_mutex
                0x0000000020000470                __lock___sinit_recursive_mutex
                0x0000000020000474                __lock___malloc_recursive_mutex
                0x0000000020000478                __lock___at_quick_exit_mutex
                0x000000002000047c                __lock___dd_hash_mutex
                0x0000000020000480                __lock___tz_mutex
                0x0000000020000484                __lock___sfp_recursive_mutex
                0x0000000020000488                . = ALIGN (0x8)
 *fill*         0x0000000020000485        0x3 
                0x0000000020000488                _ebss = .
                0x0000000020000488                __bss_end__ = _ebss

._user_heap_stack
                0x0000000020000488      0x400 load address 0x0000000008000810
                0x0000000020000488                . = ALIGN (0x8)
                0x0000000020000488                PROVIDE (end = .)
                [!provide]                        PROVIDE (_end = .)
                0x0000000020000488                . = (. + _Min_Heap_Size)
                0x0000000020000888                . = (. + _Min_Stack_Size)
 *fill*         0x0000000020000488      0x400 
                0x0000000020000888                . = ALIGN (0x8)

/DISCARD/
 libc.a(*)
 libm.a(*)
 libgcc.a(*)

.ARM.attributes
                0x0000000000000000       0x30
 *(.ARM.attributes)
 .ARM.attributes
                0x0000000000000000       0x22 /Applications/Ac6/SystemWorkbench.app/Contents/Eclipse/plugins/fr.ac6.mcu.externaltools.arm-none.macos64_1.17.0.201812190825/tools/compiler/bin/../lib/gcc/arm-none-eabi/7.3.1/thumb/v7e-m/fpv4-sp/hard/crti.o
 .ARM.attributes
                0x0000000000000022       0x34 /Applications/Ac6/SystemWorkbench.app/Contents/Eclipse/plugins/fr.ac6.mcu.externaltools.arm-none.macos64_1.17.0.201812190825/tools/compiler/bin/../lib/gcc/arm-none-eabi/7.3.1/thumb/v7e-m/fpv4-sp/hard/crtbegin.o
 .ARM.attributes
                0x0000000000000056       0x25 src/main.o
 .ARM.attributes
                0x000000000000007b       0x21 startup/startup_stm32.o
 .ARM.attributes
                0x000000000000009c       0x34 /Applications/Ac6/SystemWorkbench.app/Contents/Eclipse/plugins/fr.ac6.mcu.externaltools.arm-none.macos64_1.17.0.201812190825/tools/compiler/bin/../lib/gcc/arm-none-eabi/7.3.1/../../../../arm-none-eabi/lib/thumb/v7e-m/fpv4-sp/hard/libc.a(lib_a-impure.o)
 .ARM.attributes
                0x00000000000000d0       0x34 /Applications/Ac6/SystemWorkbench.app/Contents/Eclipse/plugins/fr.ac6.mcu.externaltools.arm-none.macos64_1.17.0.201812190825/tools/compiler/bin/../lib/gcc/arm-none-eabi/7.3.1/../../../../arm-none-eabi/lib/thumb/v7e-m/fpv4-sp/hard/libc.a(lib_a-init.o)
 .ARM.attributes
                0x0000000000000104       0x34 /Applications/Ac6/SystemWorkbench.app/Contents/Eclipse/plugins/fr.ac6.mcu.externaltools.arm-none.macos64_1.17.0.201812190825/tools/compiler/bin/../lib/gcc/arm-none-eabi/7.3.1/../../../../arm-none-eabi/lib/thumb/v7e-m/fpv4-sp/hard/libc.a(lib_a-__call_atexit.o)
 .ARM.attributes
                0x0000000000000138       0x34 /Applications/Ac6/SystemWorkbench.app/Contents/Eclipse/plugins/fr.ac6.mcu.externaltools.arm-none.macos64_1.17.0.201812190825/tools/compiler/bin/../lib/gcc/arm-none-eabi/7.3.1/../../../../arm-none-eabi/lib/thumb/v7e-m/fpv4-sp/hard/libc.a(lib_a-atexit.o)
 .ARM.attributes
                0x000000000000016c       0x34 /Applications/Ac6/SystemWorkbench.app/Contents/Eclipse/plugins/fr.ac6.mcu.externaltools.arm-none.macos64_1.17.0.201812190825/tools/compiler/bin/../lib/gcc/arm-none-eabi/7.3.1/../../../../arm-none-eabi/lib/thumb/v7e-m/fpv4-sp/hard/libc.a(lib_a-fini.o)
 .ARM.attributes
                0x00000000000001a0       0x34 /Applications/Ac6/SystemWorkbench.app/Contents/Eclipse/plugins/fr.ac6.mcu.externaltools.arm-none.macos64_1.17.0.201812190825/tools/compiler/bin/../lib/gcc/arm-none-eabi/7.3.1/../../../../arm-none-eabi/lib/thumb/v7e-m/fpv4-sp/hard/libc.a(lib_a-lock.o)
 .ARM.attributes
                0x00000000000001d4       0x34 /Applications/Ac6/SystemWorkbench.app/Contents/Eclipse/plugins/fr.ac6.mcu.externaltools.arm-none.macos64_1.17.0.201812190825/tools/compiler/bin/../lib/gcc/arm-none-eabi/7.3.1/../../../../arm-none-eabi/lib/thumb/v7e-m/fpv4-sp/hard/libc.a(lib_a-__atexit.o)
 .ARM.attributes
                0x0000000000000208       0x22 /Applications/Ac6/SystemWorkbench.app/Contents/Eclipse/plugins/fr.ac6.mcu.externaltools.arm-none.macos64_1.17.0.201812190825/tools/compiler/bin/../lib/gcc/arm-none-eabi/7.3.1/thumb/v7e-m/fpv4-sp/hard/crtn.o
OUTPUT(lab0.elf elf32-littlearm)

.debug_line     0x0000000000000000       0xc4
 .debug_line    0x0000000000000000       0x48 src/main.o
 .debug_line    0x0000000000000048       0x7c startup/startup_stm32.o

.debug_info     0x0000000000000000       0x48
 .debug_info    0x0000000000000000       0x26 src/main.o
 .debug_info    0x0000000000000026       0x22 startup/startup_stm32.o

.debug_abbrev   0x0000000000000000       0x26
 .debug_abbrev  0x0000000000000000       0x14 src/main.o
 .debug_abbrev  0x0000000000000014       0x12 startup/startup_stm32.o

.debug_aranges  0x0000000000000000       0x48
 .debug_aranges
                0x0000000000000000       0x20 src/main.o
 .debug_aranges
                0x0000000000000020       0x28 startup/startup_stm32.o

.debug_str      0x0000000000000000       0x66
 .debug_str     0x0000000000000000       0x4b src/main.o
 .debug_str     0x000000000000004b       0x1b startup/startup_stm32.o
                                         0x58 (size before relaxing)

.debug_ranges   0x0000000000000000       0x20
 .debug_ranges  0x0000000000000000       0x20 startup/startup_stm32.o

.debug_frame    0x0000000000000000      0x1c0
 .debug_frame   0x0000000000000000       0x2c /Applications/Ac6/SystemWorkbench.app/Contents/Eclipse/plugins/fr.ac6.mcu.externaltools.arm-none.macos64_1.17.0.201812190825/tools/compiler/bin/../lib/gcc/arm-none-eabi/7.3.1/../../../../arm-none-eabi/lib/thumb/v7e-m/fpv4-sp/hard/libc.a(lib_a-init.o)
 .debug_frame   0x000000000000002c       0x5c /Applications/Ac6/SystemWorkbench.app/Contents/Eclipse/plugins/fr.ac6.mcu.externaltools.arm-none.macos64_1.17.0.201812190825/tools/compiler/bin/../lib/gcc/arm-none-eabi/7.3.1/../../../../arm-none-eabi/lib/thumb/v7e-m/fpv4-sp/hard/libc.a(lib_a-__call_atexit.o)
 .debug_frame   0x0000000000000088       0x20 /Applications/Ac6/SystemWorkbench.app/Contents/Eclipse/plugins/fr.ac6.mcu.externaltools.arm-none.macos64_1.17.0.201812190825/tools/compiler/bin/../lib/gcc/arm-none-eabi/7.3.1/../../../../arm-none-eabi/lib/thumb/v7e-m/fpv4-sp/hard/libc.a(lib_a-atexit.o)
 .debug_frame   0x00000000000000a8       0x34 /Applications/Ac6/SystemWorkbench.app/Contents/Eclipse/plugins/fr.ac6.mcu.externaltools.arm-none.macos64_1.17.0.201812190825/tools/compiler/bin/../lib/gcc/arm-none-eabi/7.3.1/../../../../arm-none-eabi/lib/thumb/v7e-m/fpv4-sp/hard/libc.a(lib_a-fini.o)
 .debug_frame   0x00000000000000dc       0xb0 /Applications/Ac6/SystemWorkbench.app/Contents/Eclipse/plugins/fr.ac6.mcu.externaltools.arm-none.macos64_1.17.0.201812190825/tools/compiler/bin/../lib/gcc/arm-none-eabi/7.3.1/../../../../arm-none-eabi/lib/thumb/v7e-m/fpv4-sp/hard/libc.a(lib_a-lock.o)
 .debug_frame   0x000000000000018c       0x34 /Applications/Ac6/SystemWorkbench.app/Contents/Eclipse/plugins/fr.ac6.mcu.externaltools.arm-none.macos64_1.17.0.201812190825/tools/compiler/bin/../lib/gcc/arm-none-eabi/7.3.1/../../../../arm-none-eabi/lib/thumb/v7e-m/fpv4-sp/hard/libc.a(lib_a-__atexit.o)
