14:42:50 **** Build of configuration Debug for project lab5.3 ****
make -j11 all 
Building file: ../startup/startup_stm32.s
Building file: ../startup/sysmem.c
Building file: ../src/asm.s
Building file: ../src/main.c
Invoking: MCU GCC Compiler
Invoking: MCU GCC Assembler
Invoking: MCU GCC Compiler
Invoking: MCU GCC Assembler
/Users/yagami/School/MicroProcessor/lab5.3/Debug
arm-none-eabi-gcc -mcpu=cortex-m4 -mthumb -mfloat-abi=hard -mfpu=fpv4-sp-d16 -DSTM32 -DSTM32L4 -DSTM32L476RGTx -DNUCLEO_L476RG -DDEBUG -O0 -g3 -Wall -fmessage-length=0 -ffunction-sections -c -MMD -MP -MF"startup/sysmem.d" -MT"startup/sysmem.o" -o "startup/sysmem.o" "../startup/sysmem.c"
/Users/yagami/School/MicroProcessor/lab5.3/Debug
arm-none-eabi-as -mcpu=cortex-m4 -mthumb -mfloat-abi=hard -mfpu=fpv4-sp-d16 -g -o "src/asm.o" "../src/asm.s"
/Users/yagami/School/MicroProcessor/lab5.3/Debug
arm-none-eabi-gcc -mcpu=cortex-m4 -mthumb -mfloat-abi=hard -mfpu=fpv4-sp-d16 -DSTM32 -DSTM32L4 -DSTM32L476RGTx -DNUCLEO_L476RG -DDEBUG -O0 -g3 -Wall -fmessage-length=0 -ffunction-sections -c -MMD -MP -MF"src/main.d" -MT"src/main.o" -o "src/main.o" "../src/main.c"
/Users/yagami/School/MicroProcessor/lab5.3/Debug
arm-none-eabi-as -mcpu=cortex-m4 -mthumb -mfloat-abi=hard -mfpu=fpv4-sp-d16 -g -o "startup/startup_stm32.o" "../startup/startup_stm32.s"
Finished building: ../src/asm.s
Finished building: ../startup/startup_stm32.s
 
 
Finished building: ../src/main.c
 
Finished building: ../startup/sysmem.c
 
Building target: lab5.3.elf
Invoking: MCU GCC Linker
arm-none-eabi-gcc -mcpu=cortex-m4 -mthumb -mfloat-abi=hard -mfpu=fpv4-sp-d16 -T"/Users/yagami/School/MicroProcessor/lab5.3/LinkerScript.ld" -Wl,-Map=output.map -Wl,--gc-sections -o "lab5.3.elf" @"objects.list"   -lm
Finished building target: lab5.3.elf
 
/Applications/Xcode.app/Contents/Developer/usr/bin/make --no-print-directory post-build
Generating binary and Printing size information:
arm-none-eabi-objcopy -O binary "lab5.3.elf" "lab5.3.bin"
arm-none-eabi-size "lab5.3.elf"
   text	   data	    bss	    dec	    hex	filename
   1624	   1152	   1088	   3864	    f18	lab5.3.elf
 
14:42:53 **** Incremental Build of configuration Debug for project lab5.3 ****
make -j11 all 
make: Nothing to be done for `all'.
14:43:51 **** Incremental Build of configuration Debug for project lab5.3 ****
make -j11 all 
Building file: ../src/main.c
Invoking: MCU GCC Compiler
/Users/yagami/School/MicroProcessor/lab5.3/Debug
arm-none-eabi-gcc -mcpu=cortex-m4 -mthumb -mfloat-abi=hard -mfpu=fpv4-sp-d16 -DSTM32 -DSTM32L4 -DSTM32L476RGTx -DNUCLEO_L476RG -DDEBUG -O0 -g3 -Wall -fmessage-length=0 -ffunction-sections -c -MMD -MP -MF"src/main.d" -MT"src/main.o" -o "src/main.o" "../src/main.c"
../src/main.c: In function 'keypad_scan':
../src/main.c:79:6: error: 'pressed' undeclared (first use in this function); did you mean 'pressed_at'?
   if(pressed == -1)
      ^~~~~~~
      pressed_at
../src/main.c:79:6: note: each undeclared identifier is reported only once for each function it appears in
make: *** [src/main.o] Error 1
14:44:35 **** Incremental Build of configuration Debug for project lab5.3 ****
make -j11 all 
Building file: ../src/main.c
Invoking: MCU GCC Compiler
/Users/yagami/School/MicroProcessor/lab5.3/Debug
arm-none-eabi-gcc -mcpu=cortex-m4 -mthumb -mfloat-abi=hard -mfpu=fpv4-sp-d16 -DSTM32 -DSTM32L4 -DSTM32L476RGTx -DNUCLEO_L476RG -DDEBUG -O0 -g3 -Wall -fmessage-length=0 -ffunction-sections -c -MMD -MP -MF"src/main.d" -MT"src/main.o" -o "src/main.o" "../src/main.c"
Finished building: ../src/main.c
 
Building target: lab5.3.elf
Invoking: MCU GCC Linker
arm-none-eabi-gcc -mcpu=cortex-m4 -mthumb -mfloat-abi=hard -mfpu=fpv4-sp-d16 -T"/Users/yagami/School/MicroProcessor/lab5.3/LinkerScript.ld" -Wl,-Map=output.map -Wl,--gc-sections -o "lab5.3.elf" @"objects.list"   -lm
Finished building target: lab5.3.elf
 
/Applications/Xcode.app/Contents/Developer/usr/bin/make --no-print-directory post-build
Generating binary and Printing size information:
arm-none-eabi-objcopy -O binary "lab5.3.elf" "lab5.3.bin"
arm-none-eabi-size "lab5.3.elf"
   text	   data	    bss	    dec	    hex	filename
   1632	   1152	   1088	   3872	    f20	lab5.3.elf
 
14:46:42 **** Incremental Build of configuration Debug for project lab5.3 ****
make -j11 all 
Building file: ../src/main.c
Invoking: MCU GCC Compiler
/Users/yagami/School/MicroProcessor/lab5.3/Debug
arm-none-eabi-gcc -mcpu=cortex-m4 -mthumb -mfloat-abi=hard -mfpu=fpv4-sp-d16 -DSTM32 -DSTM32L4 -DSTM32L476RGTx -DNUCLEO_L476RG -DDEBUG -O0 -g3 -Wall -fmessage-length=0 -ffunction-sections -c -MMD -MP -MF"src/main.d" -MT"src/main.o" -o "src/main.o" "../src/main.c"
Finished building: ../src/main.c
 
Building target: lab5.3.elf
Invoking: MCU GCC Linker
arm-none-eabi-gcc -mcpu=cortex-m4 -mthumb -mfloat-abi=hard -mfpu=fpv4-sp-d16 -T"/Users/yagami/School/MicroProcessor/lab5.3/LinkerScript.ld" -Wl,-Map=output.map -Wl,--gc-sections -o "lab5.3.elf" @"objects.list"   -lm
Finished building target: lab5.3.elf
 
/Applications/Xcode.app/Contents/Developer/usr/bin/make --no-print-directory post-build
Generating binary and Printing size information:
arm-none-eabi-objcopy -O binary "lab5.3.elf" "lab5.3.bin"
arm-none-eabi-size "lab5.3.elf"
   text	   data	    bss	    dec	    hex	filename
   1624	   1152	   1088	   3864	    f18	lab5.3.elf
 
15:49:28 **** Incremental Build of configuration Debug for project lab5.3 ****
make -j11 all 
Building file: ../src/main.c
Invoking: MCU GCC Compiler
/Users/yagami/School/MicroProcessor/lab5.3/Debug
arm-none-eabi-gcc -mcpu=cortex-m4 -mthumb -mfloat-abi=hard -mfpu=fpv4-sp-d16 -DSTM32 -DSTM32L4 -DSTM32L476RGTx -DNUCLEO_L476RG -DDEBUG -O0 -g3 -Wall -fmessage-length=0 -ffunction-sections -c -MMD -MP -MF"src/main.d" -MT"src/main.o" -o "src/main.o" "../src/main.c"
Finished building: ../src/main.c
 
Building target: lab5.3.elf
Invoking: MCU GCC Linker
arm-none-eabi-gcc -mcpu=cortex-m4 -mthumb -mfloat-abi=hard -mfpu=fpv4-sp-d16 -T"/Users/yagami/School/MicroProcessor/lab5.3/LinkerScript.ld" -Wl,-Map=output.map -Wl,--gc-sections -o "lab5.3.elf" @"objects.list"   -lm
Finished building target: lab5.3.elf
 
/Applications/Xcode.app/Contents/Developer/usr/bin/make --no-print-directory post-build
Generating binary and Printing size information:
arm-none-eabi-objcopy -O binary "lab5.3.elf" "lab5.3.bin"
arm-none-eabi-size "lab5.3.elf"
   text	   data	    bss	    dec	    hex	filename
   1656	   1152	   1088	   3896	    f38	lab5.3.elf
 
15:49:43 **** Incremental Build of configuration Debug for project lab5.3 ****
make -j11 all 
Building file: ../src/main.c
Invoking: MCU GCC Compiler
/Users/yagami/School/MicroProcessor/lab5.3/Debug
arm-none-eabi-gcc -mcpu=cortex-m4 -mthumb -mfloat-abi=hard -mfpu=fpv4-sp-d16 -DSTM32 -DSTM32L4 -DSTM32L476RGTx -DNUCLEO_L476RG -DDEBUG -O0 -g3 -Wall -fmessage-length=0 -ffunction-sections -c -MMD -MP -MF"src/main.d" -MT"src/main.o" -o "src/main.o" "../src/main.c"
Finished building: ../src/main.c
 
Building target: lab5.3.elf
Invoking: MCU GCC Linker
arm-none-eabi-gcc -mcpu=cortex-m4 -mthumb -mfloat-abi=hard -mfpu=fpv4-sp-d16 -T"/Users/yagami/School/MicroProcessor/lab5.3/LinkerScript.ld" -Wl,-Map=output.map -Wl,--gc-sections -o "lab5.3.elf" @"objects.list"   -lm
Finished building target: lab5.3.elf
 
/Applications/Xcode.app/Contents/Developer/usr/bin/make --no-print-directory post-build
Generating binary and Printing size information:
arm-none-eabi-objcopy -O binary "lab5.3.elf" "lab5.3.bin"
arm-none-eabi-size "lab5.3.elf"
   text	   data	    bss	    dec	    hex	filename
   1664	   1152	   1088	   3904	    f40	lab5.3.elf
 
15:49:51 **** Incremental Build of configuration Debug for project lab5.3 ****
make -j11 all 
make: Nothing to be done for `all'.
15:50:56 **** Incremental Build of configuration Debug for project lab5.3 ****
make -j11 all 
Building file: ../src/main.c
Invoking: MCU GCC Compiler
/Users/yagami/School/MicroProcessor/lab5.3/Debug
arm-none-eabi-gcc -mcpu=cortex-m4 -mthumb -mfloat-abi=hard -mfpu=fpv4-sp-d16 -DSTM32 -DSTM32L4 -DSTM32L476RGTx -DNUCLEO_L476RG -DDEBUG -O0 -g3 -Wall -fmessage-length=0 -ffunction-sections -c -MMD -MP -MF"src/main.d" -MT"src/main.o" -o "src/main.o" "../src/main.c"
../src/main.c: In function 'pressed_at':
../src/main.c:62:6: warning: variable 't' set but not used [-Wunused-but-set-variable]
  int t;
      ^
Finished building: ../src/main.c
 
Building target: lab5.3.elf
Invoking: MCU GCC Linker
arm-none-eabi-gcc -mcpu=cortex-m4 -mthumb -mfloat-abi=hard -mfpu=fpv4-sp-d16 -T"/Users/yagami/School/MicroProcessor/lab5.3/LinkerScript.ld" -Wl,-Map=output.map -Wl,--gc-sections -o "lab5.3.elf" @"objects.list"   -lm
Finished building target: lab5.3.elf
 
/Applications/Xcode.app/Contents/Developer/usr/bin/make --no-print-directory post-build
Generating binary and Printing size information:
arm-none-eabi-objcopy -O binary "lab5.3.elf" "lab5.3.bin"
arm-none-eabi-size "lab5.3.elf"
   text	   data	    bss	    dec	    hex	filename
   1672	   1152	   1088	   3912	    f48	lab5.3.elf
 
15:55:57 **** Incremental Build of configuration Debug for project lab5.3 ****
make -j11 all 
Building file: ../src/main.c
Invoking: MCU GCC Compiler
/Users/yagami/School/MicroProcessor/lab5.3/Debug
arm-none-eabi-gcc -mcpu=cortex-m4 -mthumb -mfloat-abi=hard -mfpu=fpv4-sp-d16 -DSTM32 -DSTM32L4 -DSTM32L476RGTx -DNUCLEO_L476RG -DDEBUG -O0 -g3 -Wall -fmessage-length=0 -ffunction-sections -c -MMD -MP -MF"src/main.d" -MT"src/main.o" -o "src/main.o" "../src/main.c"
../src/main.c: In function 'pressed_at':
../src/main.c:62:6: warning: variable 't' set but not used [-Wunused-but-set-variable]
  int t;
      ^
Finished building: ../src/main.c
 
Building target: lab5.3.elf
Invoking: MCU GCC Linker
arm-none-eabi-gcc -mcpu=cortex-m4 -mthumb -mfloat-abi=hard -mfpu=fpv4-sp-d16 -T"/Users/yagami/School/MicroProcessor/lab5.3/LinkerScript.ld" -Wl,-Map=output.map -Wl,--gc-sections -o "lab5.3.elf" @"objects.list"   -lm
Finished building target: lab5.3.elf
 
/Applications/Xcode.app/Contents/Developer/usr/bin/make --no-print-directory post-build
Generating binary and Printing size information:
arm-none-eabi-objcopy -O binary "lab5.3.elf" "lab5.3.bin"
arm-none-eabi-size "lab5.3.elf"
   text	   data	    bss	    dec	    hex	filename
   1680	   1152	   1088	   3920	    f50	lab5.3.elf
 
19:57:50 **** Incremental Build of configuration Debug for project lab5.3 ****
make -j11 all 
make: Nothing to be done for `all'.
19:57:53 **** Incremental Build of configuration Debug for project lab5.3 ****
make -j11 all 
make: Nothing to be done for `all'.
20:04:56 **** Incremental Build of configuration Debug for project lab5.3 ****
make -j11 all 
make: Nothing to be done for `all'.
20:15:20 **** Incremental Build of configuration Debug for project lab5.3 ****
make -j11 all 
make: Nothing to be done for `all'.
