22:45:26 **** Incremental Build of configuration Debug for project lab1.1 ****
make -j11 all 
Building file: ../src/main.s
Invoking: MCU GCC Assembler
/Users/yagami/School/MicroProcessor/lab1.1/Debug
arm-none-eabi-as -mcpu=cortex-m4 -mthumb -mfloat-abi=hard -mfpu=fpv4-sp-d16 -g -o "src/main.o" "../src/main.s"
Finished building: ../src/main.s
 
Building target: lab1.1.elf
Invoking: MCU GCC Linker
arm-none-eabi-gcc -mcpu=cortex-m4 -mthumb -mfloat-abi=hard -mfpu=fpv4-sp-d16 -T"/Users/yagami/School/MicroProcessor/lab1.1/LinkerScript.ld" -Wl,-Map=output.map -Wl,--gc-sections -o "lab1.1.elf" @"objects.list"   -lm
Finished building target: lab1.1.elf
 
/Applications/Xcode.app/Contents/Developer/usr/bin/make --no-print-directory post-build
Generating binary and Printing size information:
arm-none-eabi-objcopy -O binary "lab1.1.elf" "lab1.1.bin"
arm-none-eabi-size "lab1.1.elf"
   text	   data	    bss	    dec	    hex	filename
    984	   1104	   1088	   3176	    c68	lab1.1.elf
 

22:45:26 Build Finished (took 295ms)

