22:56:55 **** Incremental Build of configuration Debug for project lab1.2 ****
make -j11 all 
Building file: ../src/main.s
Invoking: MCU GCC Assembler
/Users/yagami/School/MicroProcessor/lab1.2/Debug
arm-none-eabi-as -mcpu=cortex-m4 -mthumb -mfloat-abi=hard -mfpu=fpv4-sp-d16 -g -o "src/main.o" "../src/main.s"
Finished building: ../src/main.s
 
Building target: lab1.2.elf
Invoking: MCU GCC Linker
arm-none-eabi-gcc -mcpu=cortex-m4 -mthumb -mfloat-abi=hard -mfpu=fpv4-sp-d16 -T"/Users/yagami/School/MicroProcessor/lab1.2/LinkerScript.ld" -Wl,-Map=output.map -Wl,--gc-sections -o "lab1.2.elf" @"objects.list"   -lm
Finished building target: lab1.2.elf
 
/Applications/Xcode.app/Contents/Developer/usr/bin/make --no-print-directory post-build
Generating binary and Printing size information:
arm-none-eabi-objcopy -O binary "lab1.2.elf" "lab1.2.bin"
arm-none-eabi-size "lab1.2.elf"
   text	   data	    bss	    dec	    hex	filename
   1016	   1088	   1088	   3192	    c78	lab1.2.elf
 

22:56:55 Build Finished (took 209ms)

