18:22:12 **** Incremental Build of configuration Debug for project lab3.1 ****
make -j11 all 
Building file: ../src/main.s
Invoking: MCU GCC Assembler
/Users/yagami/School/MicroProcessor/lab3.1/Debug
arm-none-eabi-as -mcpu=cortex-m4 -mthumb -mfloat-abi=hard -mfpu=fpv4-sp-d16 -g -o "src/main.o" "../src/main.s"
Finished building: ../src/main.s
 
Building target: lab3.1.elf
Invoking: MCU GCC Linker
arm-none-eabi-gcc -mcpu=cortex-m4 -mthumb -mfloat-abi=hard -mfpu=fpv4-sp-d16 -T"/Users/yagami/School/MicroProcessor/lab3.1/LinkerScript.ld" -Wl,-Map=output.map -Wl,--gc-sections -o "lab3.1.elf" @"objects.list"   -lm
Finished building target: lab3.1.elf
 
/Applications/Xcode.app/Contents/Developer/usr/bin/make --no-print-directory post-build
Generating binary and Printing size information:
arm-none-eabi-objcopy -O binary "lab3.1.elf" "lab3.1.bin"
arm-none-eabi-size "lab3.1.elf"
   text	   data	    bss	    dec	    hex	filename
   1072	   1088	   1088	   3248	    cb0	lab3.1.elf
 

18:22:13 Build Finished (took 1s.129ms)

