21:16:41 **** Incremental Build of configuration Debug for project lab4.2-2 ****
make -j11 all 
Building file: ../src/main.s
Invoking: MCU GCC Assembler
/Users/yagami/School/MicroProcessor/lab4.2-2/Debug
arm-none-eabi-as -mcpu=cortex-m4 -mthumb -mfloat-abi=hard -mfpu=fpv4-sp-d16 -g -o "src/main.o" "../src/main.s"
Finished building: ../src/main.s
 
Building target: lab4.2-2.elf
Invoking: MCU GCC Linker
arm-none-eabi-gcc -mcpu=cortex-m4 -mthumb -mfloat-abi=hard -mfpu=fpv4-sp-d16 -T"/Users/yagami/School/MicroProcessor/lab4.2-2/LinkerScript.ld" -Wl,-Map=output.map -Wl,--gc-sections -o "lab4.2-2.elf" @"objects.list"   -lm
Finished building target: lab4.2-2.elf
 
/Applications/Xcode.app/Contents/Developer/usr/bin/make --no-print-directory post-build
Generating binary and Printing size information:
arm-none-eabi-objcopy -O binary "lab4.2-2.elf" "lab4.2-2.bin"
arm-none-eabi-size "lab4.2-2.elf"
   text	   data	    bss	    dec	    hex	filename
   1208	   1096	   1088	   3392	    d40	lab4.2-2.elf
 

21:16:41 Build Finished (took 137ms)

