22:06:06 **** Incremental Build of configuration Debug for project lab6.1 ****
make -j11 all 
Building file: ../src/main.c
Invoking: MCU GCC Compiler
/Users/yagami/School/MicroProcessor/lab6.1/Debug
arm-none-eabi-gcc -mcpu=cortex-m4 -mthumb -mfloat-abi=hard -mfpu=fpv4-sp-d16 -DSTM32 -DSTM32L4 -DSTM32L476RGTx -DNUCLEO_L476RG -DDEBUG -O0 -g3 -Wall -fmessage-length=0 -ffunction-sections -c -MMD -MP -MF"src/main.d" -MT"src/main.o" -o "src/main.o" "../src/main.c"
In file included from ../src/stm32l476xx.h:184:0,
                 from ../src/main.c:1:
../src/core_cm4.h: In function 'NVIC_SystemReset':
../src/core_cm4.h:1792:3: warning: implicit declaration of function '__DSB'; did you mean '__ASM'? [-Wimplicit-function-declaration]
   __DSB();                                                          /* Ensure all outstanding memory accesses included
   ^~~~~
   __ASM
../src/core_cm4.h:1801:5: warning: implicit declaration of function '__NOP'; did you mean '__IOM'? [-Wimplicit-function-declaration]
     __NOP();
     ^~~~~
     __IOM
Finished building: ../src/main.c
 
Building target: lab6.1.elf
Invoking: MCU GCC Linker
arm-none-eabi-gcc -mcpu=cortex-m4 -mthumb -mfloat-abi=hard -mfpu=fpv4-sp-d16 -T"/Users/yagami/School/MicroProcessor/lab6.1/LinkerScript.ld" -Wl,-Map=output.map -Wl,--gc-sections -o "lab6.1.elf" @"objects.list"   -lm
Finished building target: lab6.1.elf
 
/Applications/Xcode.app/Contents/Developer/usr/bin/make --no-print-directory post-build
Generating binary and Printing size information:
arm-none-eabi-objcopy -O binary "lab6.1.elf" "lab6.1.bin"
arm-none-eabi-size "lab6.1.elf"
   text	   data	    bss	    dec	    hex	filename
   1504	   1088	   1096	   3688	    e68	lab6.1.elf
 

22:06:07 Build Finished (took 367ms)

